Archive member included to satisfy reference by file (symbol)

c:/st/stm32cubeide_1.7.0/stm32cubeide/plugins/com.st.stm32cube.ide.mcu.externaltools.gnu-tools-for-stm32.9-2020-q2-update.win32_2.0.0.202105311346/tools/bin/../lib/gcc/arm-none-eabi/9.3.1/../../../../arm-none-eabi/lib/thumb/v7-m/nofp\libc_nano.a(lib_a-errno.o)
                              ./Core/Src/syscalls.o (__errno)
c:/st/stm32cubeide_1.7.0/stm32cubeide/plugins/com.st.stm32cube.ide.mcu.externaltools.gnu-tools-for-stm32.9-2020-q2-update.win32_2.0.0.202105311346/tools/bin/../lib/gcc/arm-none-eabi/9.3.1/../../../../arm-none-eabi/lib/thumb/v7-m/nofp\libc_nano.a(lib_a-exit.o)
                              c:/st/stm32cubeide_1.7.0/stm32cubeide/plugins/com.st.stm32cube.ide.mcu.externaltools.gnu-tools-for-stm32.9-2020-q2-update.win32_2.0.0.202105311346/tools/bin/../lib/gcc/arm-none-eabi/9.3.1/../../../../arm-none-eabi/lib/thumb/v7-m/nofp/crt0.o (exit)
c:/st/stm32cubeide_1.7.0/stm32cubeide/plugins/com.st.stm32cube.ide.mcu.externaltools.gnu-tools-for-stm32.9-2020-q2-update.win32_2.0.0.202105311346/tools/bin/../lib/gcc/arm-none-eabi/9.3.1/../../../../arm-none-eabi/lib/thumb/v7-m/nofp\libc_nano.a(lib_a-impure.o)
                              c:/st/stm32cubeide_1.7.0/stm32cubeide/plugins/com.st.stm32cube.ide.mcu.externaltools.gnu-tools-for-stm32.9-2020-q2-update.win32_2.0.0.202105311346/tools/bin/../lib/gcc/arm-none-eabi/9.3.1/../../../../arm-none-eabi/lib/thumb/v7-m/nofp\libc_nano.a(lib_a-exit.o) (_global_impure_ptr)
c:/st/stm32cubeide_1.7.0/stm32cubeide/plugins/com.st.stm32cube.ide.mcu.externaltools.gnu-tools-for-stm32.9-2020-q2-update.win32_2.0.0.202105311346/tools/bin/../lib/gcc/arm-none-eabi/9.3.1/../../../../arm-none-eabi/lib/thumb/v7-m/nofp\libc_nano.a(lib_a-init.o)
                              c:/st/stm32cubeide_1.7.0/stm32cubeide/plugins/com.st.stm32cube.ide.mcu.externaltools.gnu-tools-for-stm32.9-2020-q2-update.win32_2.0.0.202105311346/tools/bin/../lib/gcc/arm-none-eabi/9.3.1/../../../../arm-none-eabi/lib/thumb/v7-m/nofp/crt0.o (__libc_init_array)
c:/st/stm32cubeide_1.7.0/stm32cubeide/plugins/com.st.stm32cube.ide.mcu.externaltools.gnu-tools-for-stm32.9-2020-q2-update.win32_2.0.0.202105311346/tools/bin/../lib/gcc/arm-none-eabi/9.3.1/../../../../arm-none-eabi/lib/thumb/v7-m/nofp\libc_nano.a(lib_a-memset.o)
                              c:/st/stm32cubeide_1.7.0/stm32cubeide/plugins/com.st.stm32cube.ide.mcu.externaltools.gnu-tools-for-stm32.9-2020-q2-update.win32_2.0.0.202105311346/tools/bin/../lib/gcc/arm-none-eabi/9.3.1/../../../../arm-none-eabi/lib/thumb/v7-m/nofp/crt0.o (memset)

Allocating common symbols
Common symbol       size              file

uwTick              0x4               ./Drivers/STM32F1xx_HAL_Driver/Src/stm32f1xx_hal.o
pFlash              0x20              ./Drivers/STM32F1xx_HAL_Driver/Src/stm32f1xx_hal_flash.o
htim2               0x48              ./Core/Src/main.o

Discarded input sections

 .text          0x0000000000000000        0x0 c:/st/stm32cubeide_1.7.0/stm32cubeide/plugins/com.st.stm32cube.ide.mcu.externaltools.gnu-tools-for-stm32.9-2020-q2-update.win32_2.0.0.202105311346/tools/bin/../lib/gcc/arm-none-eabi/9.3.1/thumb/v7-m/nofp/crti.o
 .data          0x0000000000000000        0x0 c:/st/stm32cubeide_1.7.0/stm32cubeide/plugins/com.st.stm32cube.ide.mcu.externaltools.gnu-tools-for-stm32.9-2020-q2-update.win32_2.0.0.202105311346/tools/bin/../lib/gcc/arm-none-eabi/9.3.1/thumb/v7-m/nofp/crti.o
 .bss           0x0000000000000000        0x0 c:/st/stm32cubeide_1.7.0/stm32cubeide/plugins/com.st.stm32cube.ide.mcu.externaltools.gnu-tools-for-stm32.9-2020-q2-update.win32_2.0.0.202105311346/tools/bin/../lib/gcc/arm-none-eabi/9.3.1/thumb/v7-m/nofp/crti.o
 .data          0x0000000000000000        0x4 c:/st/stm32cubeide_1.7.0/stm32cubeide/plugins/com.st.stm32cube.ide.mcu.externaltools.gnu-tools-for-stm32.9-2020-q2-update.win32_2.0.0.202105311346/tools/bin/../lib/gcc/arm-none-eabi/9.3.1/thumb/v7-m/nofp/crtbegin.o
 .text          0x0000000000000000       0x7c c:/st/stm32cubeide_1.7.0/stm32cubeide/plugins/com.st.stm32cube.ide.mcu.externaltools.gnu-tools-for-stm32.9-2020-q2-update.win32_2.0.0.202105311346/tools/bin/../lib/gcc/arm-none-eabi/9.3.1/../../../../arm-none-eabi/lib/thumb/v7-m/nofp/crt0.o
 .data          0x0000000000000000        0x0 c:/st/stm32cubeide_1.7.0/stm32cubeide/plugins/com.st.stm32cube.ide.mcu.externaltools.gnu-tools-for-stm32.9-2020-q2-update.win32_2.0.0.202105311346/tools/bin/../lib/gcc/arm-none-eabi/9.3.1/../../../../arm-none-eabi/lib/thumb/v7-m/nofp/crt0.o
 .bss           0x0000000000000000        0x0 c:/st/stm32cubeide_1.7.0/stm32cubeide/plugins/com.st.stm32cube.ide.mcu.externaltools.gnu-tools-for-stm32.9-2020-q2-update.win32_2.0.0.202105311346/tools/bin/../lib/gcc/arm-none-eabi/9.3.1/../../../../arm-none-eabi/lib/thumb/v7-m/nofp/crt0.o
[...]
Memory Configuration

Name             Origin             Length             Attributes
RAM              0x0000000020000000 0x0000000000002800 xrw
FLASH            0x0000000008000000 0x0000000000008000 xr
*default*        0x0000000000000000 0xffffffffffffffff

Linker script and memory map

LOAD c:/st/stm32cubeide_1.7.0/stm32cubeide/plugins/com.st.stm32cube.ide.mcu.externaltools.gnu-tools-for-stm32.9-2020-q2-update.win32_2.0.0.202105311346/tools/bin/../lib/gcc/arm-none-eabi/9.3.1/thumb/v7-m/nofp/crti.o
LOAD c:/st/stm32cubeide_1.7.0/stm32cubeide/plugins/com.st.stm32cube.ide.mcu.externaltools.gnu-tools-for-stm32.9-2020-q2-update.win32_2.0.0.202105311346/tools/bin/../lib/gcc/arm-none-eabi/9.3.1/thumb/v7-m/nofp/crtbegin.o
LOAD c:/st/stm32cubeide_1.7.0/stm32cubeide/plugins/com.st.stm32cube.ide.mcu.externaltools.gnu-tools-for-stm32.9-2020-q2-update.win32_2.0.0.202105311346/tools/bin/../lib/gcc/arm-none-eabi/9.3.1/../../../../arm-none-eabi/lib/thumb/v7-m/nofp/crt0.o
LOAD ./Core/Src/button.o
LOAD ./Core/Src/fsm_auto.o
LOAD ./Core/Src/fsm_simple_button.o
LOAD ./Core/Src/global.o
LOAD ./Core/Src/led.o
LOAD ./Core/Src/main.o
LOAD ./Core/Src/software_timer.o
LOAD ./Core/Src/stm32f1xx_hal_msp.o
LOAD ./Core/Src/stm32f1xx_it.o
LOAD ./Core/Src/syscalls.o
LOAD ./Core/Src/sysmem.o
LOAD ./Core/Src/system_stm32f1xx.o
LOAD ./Core/Src/timer_task.o
LOAD ./Core/Startup/startup_stm32f103c6ux.o
LOAD ./Drivers/STM32F1xx_HAL_Driver/Src/stm32f1xx_hal.o
LOAD ./Drivers/STM32F1xx_HAL_Driver/Src/stm32f1xx_hal_cortex.o
LOAD ./Drivers/STM32F1xx_HAL_Driver/Src/stm32f1xx_hal_dma.o
LOAD ./Drivers/STM32F1xx_HAL_Driver/Src/stm32f1xx_hal_exti.o
LOAD ./Drivers/STM32F1xx_HAL_Driver/Src/stm32f1xx_hal_flash.o
LOAD ./Drivers/STM32F1xx_HAL_Driver/Src/stm32f1xx_hal_flash_ex.o
LOAD ./Drivers/STM32F1xx_HAL_Driver/Src/stm32f1xx_hal_gpio.o
LOAD ./Drivers/STM32F1xx_HAL_Driver/Src/stm32f1xx_hal_gpio_ex.o
LOAD ./Drivers/STM32F1xx_HAL_Driver/Src/stm32f1xx_hal_pwr.o
LOAD ./Drivers/STM32F1xx_HAL_Driver/Src/stm32f1xx_hal_rcc.o
LOAD ./Drivers/STM32F1xx_HAL_Driver/Src/stm32f1xx_hal_rcc_ex.o
LOAD ./Drivers/STM32F1xx_HAL_Driver/Src/stm32f1xx_hal_tim.o
LOAD ./Drivers/STM32F1xx_HAL_Driver/Src/stm32f1xx_hal_tim_ex.o
START GROUP
LOAD c:/st/stm32cubeide_1.7.0/stm32cubeide/plugins/com.st.stm32cube.ide.mcu.externaltools.gnu-tools-for-stm32.9-2020-q2-update.win32_2.0.0.202105311346/tools/bin/../lib/gcc/arm-none-eabi/9.3.1/../../../../arm-none-eabi/lib/thumb/v7-m/nofp\libc_nano.a
LOAD c:/st/stm32cubeide_1.7.0/stm32cubeide/plugins/com.st.stm32cube.ide.mcu.externaltools.gnu-tools-for-stm32.9-2020-q2-update.win32_2.0.0.202105311346/tools/bin/../lib/gcc/arm-none-eabi/9.3.1/../../../../arm-none-eabi/lib/thumb/v7-m/nofp\libm.a
END GROUP
START GROUP
LOAD c:/st/stm32cubeide_1.7.0/stm32cubeide/plugins/com.st.stm32cube.ide.mcu.externaltools.gnu-tools-for-stm32.9-2020-q2-update.win32_2.0.0.202105311346/tools/bin/../lib/gcc/arm-none-eabi/9.3.1/thumb/v7-m/nofp\libgcc.a
LOAD c:/st/stm32cubeide_1.7.0/stm32cubeide/plugins/com.st.stm32cube.ide.mcu.externaltools.gnu-tools-for-stm32.9-2020-q2-update.win32_2.0.0.202105311346/tools/bin/../lib/gcc/arm-none-eabi/9.3.1/../../../../arm-none-eabi/lib/thumb/v7-m/nofp\libc_nano.a
END GROUP
START GROUP
LOAD c:/st/stm32cubeide_1.7.0/stm32cubeide/plugins/com.st.stm32cube.ide.mcu.externaltools.gnu-tools-for-stm32.9-2020-q2-update.win32_2.0.0.202105311346/tools/bin/../lib/gcc/arm-none-eabi/9.3.1/thumb/v7-m/nofp\libgcc.a
LOAD c:/st/stm32cubeide_1.7.0/stm32cubeide/plugins/com.st.stm32cube.ide.mcu.externaltools.gnu-tools-for-stm32.9-2020-q2-update.win32_2.0.0.202105311346/tools/bin/../lib/gcc/arm-none-eabi/9.3.1/../../../../arm-none-eabi/lib/thumb/v7-m/nofp\libc_nano.a
LOAD c:/st/stm32cubeide_1.7.0/stm32cubeide/plugins/com.st.stm32cube.ide.mcu.externaltools.gnu-tools-for-stm32.9-2020-q2-update.win32_2.0.0.202105311346/tools/bin/../lib/gcc/arm-none-eabi/9.3.1/../../../../arm-none-eabi/lib/thumb/v7-m/nofp\libnosys.a
END GROUP
START GROUP
LOAD c:/st/stm32cubeide_1.7.0/stm32cubeide/plugins/com.st.stm32cube.ide.mcu.externaltools.gnu-tools-for-stm32.9-2020-q2-update.win32_2.0.0.202105311346/tools/bin/../lib/gcc/arm-none-eabi/9.3.1/thumb/v7-m/nofp\libgcc.a
LOAD c:/st/stm32cubeide_1.7.0/stm32cubeide/plugins/com.st.stm32cube.ide.mcu.externaltools.gnu-tools-for-stm32.9-2020-q2-update.win32_2.0.0.202105311346/tools/bin/../lib/gcc/arm-none-eabi/9.3.1/../../../../arm-none-eabi/lib/thumb/v7-m/nofp\libc_nano.a
LOAD c:/st/stm32cubeide_1.7.0/stm32cubeide/plugins/com.st.stm32cube.ide.mcu.externaltools.gnu-tools-for-stm32.9-2020-q2-update.win32_2.0.0.202105311346/tools/bin/../lib/gcc/arm-none-eabi/9.3.1/../../../../arm-none-eabi/lib/thumb/v7-m/nofp\libnosys.a
END GROUP
LOAD c:/st/stm32cubeide_1.7.0/stm32cubeide/plugins/com.st.stm32cube.ide.mcu.externaltools.gnu-tools-for-stm32.9-2020-q2-update.win32_2.0.0.202105311346/tools/bin/../lib/gcc/arm-none-eabi/9.3.1/thumb/v7-m/nofp/crtend.o
LOAD c:/st/stm32cubeide_1.7.0/stm32cubeide/plugins/com.st.stm32cube.ide.mcu.externaltools.gnu-tools-for-stm32.9-2020-q2-update.win32_2.0.0.202105311346/tools/bin/../lib/gcc/arm-none-eabi/9.3.1/thumb/v7-m/nofp/crtn.o
                0x0000000020002800                _estack = (ORIGIN (RAM) + LENGTH (RAM))
                0x0000000000000200                _Min_Heap_Size = 0x200
                0x0000000000000400                _Min_Stack_Size = 0x400

.isr_vector     0x0000000008000000      0x10c
                0x0000000008000000                . = ALIGN (0x4)
 *(.isr_vector)
 .isr_vector    0x0000000008000000      0x10c ./Core/Startup/startup_stm32f103c6ux.o
                0x0000000008000000                g_pfnVectors
                0x000000000800010c                . = ALIGN (0x4)

.text           0x000000000800010c     0x2614
                0x000000000800010c                . = ALIGN (0x4)
 *(.text)
 .text          0x000000000800010c       0x40 c:/st/stm32cubeide_1.7.0/stm32cubeide/plugins/com.st.stm32cube.ide.mcu.externaltools.gnu-tools-for-stm32.9-2020-q2-update.win32_2.0.0.202105311346/tools/bin/../lib/gcc/arm-none-eabi/9.3.1/thumb/v7-m/nofp/crtbegin.o
 *(.text*)
 .text.iKeyInput
                0x000000000800014c       0x54 ./Core/Src/button.o
                0x000000000800014c                iKeyInput
 .text.subKeyProcess1
                0x00000000080001a0       0x6c ./Core/Src/button.o
                0x00000000080001a0                subKeyProcess1
 .text.subKeyProcess2
                0x000000000800020c       0x20 ./Core/Src/button.o
                0x000000000800020c                subKeyProcess2
 .text.getKeyInput
                0x000000000800022c      0x168 ./Core/Src/button.o
                0x000000000800022c                getKeyInput
 .text.is_button_pressed
                0x0000000008000394       0x40 ./Core/Src/button.o
                0x0000000008000394                is_button_pressed
 .text.is_button_pressed_3s
                0x00000000080003d4       0x40 ./Core/Src/button.o
                0x00000000080003d4                is_button_pressed_3s
 .text.check_counter
                0x0000000008000414       0x30 ./Core/Src/button.o
                0x0000000008000414                check_counter
 .text.fsm_auto_run
                0x0000000008000444      0x128 ./Core/Src/fsm_auto.o
                0x0000000008000444                fsm_auto_run
 .text.fsm_simple_button_run
                0x000000000800056c      0x270 ./Core/Src/fsm_simple_button.o
                0x000000000800056c                fsm_simple_button_run
 .text.toggleRed
                0x00000000080007dc       0x14 ./Core/Src/led.o
                0x00000000080007dc                toggleRed
 .text.displayNum
                0x00000000080007f0      0x380 ./Core/Src/led.o
                0x00000000080007f0                displayNum
 .text.clearLED
                0x0000000008000b70        0xe ./Core/Src/led.o
                0x0000000008000b70                clearLED
 *fill*         0x0000000008000b7e        0x2 
 .text.main     0x0000000008000b80       0x3c ./Core/Src/main.o
                0x0000000008000b80                main
 .text.SystemClock_Config
                0x0000000008000bbc       0x76 ./Core/Src/main.o
                0x0000000008000bbc                SystemClock_Config
 *fill*         0x0000000008000c32        0x2 
 .text.MX_TIM2_Init
                0x0000000008000c34       0x98 ./Core/Src/main.o
 .text.MX_GPIO_Init
                0x0000000008000ccc       0xc4 ./Core/Src/main.o
 .text.HAL_TIM_PeriodElapsedCallback
                0x0000000008000d90       0x18 ./Core/Src/main.o
                0x0000000008000d90                HAL_TIM_PeriodElapsedCallback
 .text.Error_Handler
                0x0000000008000da8        0xa ./Core/Src/main.o
                0x0000000008000da8                Error_Handler
 *fill*         0x0000000008000db2        0x2 
 .text.setTimer1
                0x0000000008000db4       0x28 ./Core/Src/software_timer.o
                0x0000000008000db4                setTimer1
 .text.setTimer3
                0x0000000008000ddc       0x28 ./Core/Src/software_timer.o
                0x0000000008000ddc                setTimer3
 .text.setTimer5
                0x0000000008000e04       0x28 ./Core/Src/software_timer.o
                0x0000000008000e04                setTimer5
 .text.TimeRun  0x0000000008000e2c       0xd4 ./Core/Src/software_timer.o
                0x0000000008000e2c                TimeRun
 .text.HAL_MspInit
                0x0000000008000f00       0x64 ./Core/Src/stm32f1xx_hal_msp.o
                0x0000000008000f00                HAL_MspInit
 .text.HAL_TIM_Base_MspInit
                0x0000000008000f64       0x48 ./Core/Src/stm32f1xx_hal_msp.o
                0x0000000008000f64                HAL_TIM_Base_MspInit
 .text.NMI_Handler
                0x0000000008000fac        0x6 ./Core/Src/stm32f1xx_it.o
                0x0000000008000fac                NMI_Handler
 .text.HardFault_Handler
                0x0000000008000fb2        0x6 ./Core/Src/stm32f1xx_it.o
                0x0000000008000fb2                HardFault_Handler
 .text.MemManage_Handler
                0x0000000008000fb8        0x6 ./Core/Src/stm32f1xx_it.o
                0x0000000008000fb8                MemManage_Handler
 .text.BusFault_Handler
                0x0000000008000fbe        0x6 ./Core/Src/stm32f1xx_it.o
                0x0000000008000fbe                BusFault_Handler
 .text.UsageFault_Handler
                0x0000000008000fc4        0x6 ./Core/Src/stm32f1xx_it.o
                0x0000000008000fc4                UsageFault_Handler
 .text.SVC_Handler
                0x0000000008000fca        0xc ./Core/Src/stm32f1xx_it.o
                0x0000000008000fca                SVC_Handler
 .text.DebugMon_Handler
                0x0000000008000fd6        0xc ./Core/Src/stm32f1xx_it.o
                0x0000000008000fd6                DebugMon_Handler
 .text.PendSV_Handler
                0x0000000008000fe2        0xc ./Core/Src/stm32f1xx_it.o
                0x0000000008000fe2                PendSV_Handler
 .text.SysTick_Handler
                0x0000000008000fee        0xc ./Core/Src/stm32f1xx_it.o
                0x0000000008000fee                SysTick_Handler
 *fill*         0x0000000008000ffa        0x2 
 .text.TIM2_IRQHandler
                0x0000000008000ffc       0x14 ./Core/Src/stm32f1xx_it.o
                0x0000000008000ffc                TIM2_IRQHandler
 .text.SystemInit
                0x0000000008001010        0xc ./Core/Src/system_stm32f1xx.o
                0x0000000008001010                SystemInit
 .text.blinkLED
                0x000000000800101c       0x20 ./Core/Src/timer_task.o
                0x000000000800101c                blinkLED
 .text.count_down
                0x000000000800103c       0x2c ./Core/Src/timer_task.o
                0x000000000800103c                count_down
 .text.Reset_Handler
                0x0000000008001068       0x48 ./Core/Startup/startup_stm32f103c6ux.o
                0x0000000008001068                Reset_Handler
 .text.Default_Handler
                0x00000000080010b0        0x2 ./Core/Startup/startup_stm32f103c6ux.o
                0x00000000080010b0                RTC_Alarm_IRQHandler
                0x00000000080010b0                EXTI2_IRQHandler
                0x00000000080010b0                TIM1_CC_IRQHandler
                0x00000000080010b0                PVD_IRQHandler
                0x00000000080010b0                EXTI3_IRQHandler
                0x00000000080010b0                EXTI0_IRQHandler
                0x00000000080010b0                ADC1_2_IRQHandler
                0x00000000080010b0                SPI1_IRQHandler
                0x00000000080010b0                TAMPER_IRQHandler
                0x00000000080010b0                DMA1_Channel4_IRQHandler
                0x00000000080010b0                RTC_IRQHandler
                0x00000000080010b0                DMA1_Channel7_IRQHandler
                0x00000000080010b0                CAN1_RX1_IRQHandler
                0x00000000080010b0                I2C1_EV_IRQHandler
                0x00000000080010b0                DMA1_Channel6_IRQHandler
                0x00000000080010b0                TIM3_IRQHandler
                0x00000000080010b0                RCC_IRQHandler
                0x00000000080010b0                TIM1_TRG_COM_IRQHandler
                0x00000000080010b0                DMA1_Channel1_IRQHandler
                0x00000000080010b0                Default_Handler
                0x00000000080010b0                EXTI15_10_IRQHandler
                0x00000000080010b0                EXTI9_5_IRQHandler
                0x00000000080010b0                DMA1_Channel5_IRQHandler
                0x00000000080010b0                EXTI4_IRQHandler
                0x00000000080010b0                USB_LP_CAN1_RX0_IRQHandler
                0x00000000080010b0                USB_HP_CAN1_TX_IRQHandler
                0x00000000080010b0                DMA1_Channel3_IRQHandler
                0x00000000080010b0                TIM1_UP_IRQHandler
                0x00000000080010b0                WWDG_IRQHandler
                0x00000000080010b0                TIM1_BRK_IRQHandler
                0x00000000080010b0                EXTI1_IRQHandler
                0x00000000080010b0                USART2_IRQHandler
                0x00000000080010b0                DMA1_Channel2_IRQHandler
                0x00000000080010b0                CAN1_SCE_IRQHandler
                0x00000000080010b0                FLASH_IRQHandler
                0x00000000080010b0                USART1_IRQHandler
                0x00000000080010b0                I2C1_ER_IRQHandler
                0x00000000080010b0                USBWakeUp_IRQHandler
 *fill*         0x00000000080010b2        0x2 
 .text.HAL_Init
                0x00000000080010b4       0x2c ./Drivers/STM32F1xx_HAL_Driver/Src/stm32f1xx_hal.o
                0x00000000080010b4                HAL_Init
 .text.HAL_InitTick
                0x00000000080010e0       0x60 ./Drivers/STM32F1xx_HAL_Driver/Src/stm32f1xx_hal.o
                0x00000000080010e0                HAL_InitTick
 .text.HAL_IncTick
                0x0000000008001140       0x24 ./Drivers/STM32F1xx_HAL_Driver/Src/stm32f1xx_hal.o
                0x0000000008001140                HAL_IncTick
 .text.HAL_GetTick
                0x0000000008001164       0x14 ./Drivers/STM32F1xx_HAL_Driver/Src/stm32f1xx_hal.o
                0x0000000008001164                HAL_GetTick
 .text.__NVIC_SetPriorityGrouping
                0x0000000008001178       0x48 ./Drivers/STM32F1xx_HAL_Driver/Src/stm32f1xx_hal_cortex.o
 .text.__NVIC_GetPriorityGrouping
                0x00000000080011c0       0x1c ./Drivers/STM32F1xx_HAL_Driver/Src/stm32f1xx_hal_cortex.o
 .text.__NVIC_EnableIRQ
                0x00000000080011dc       0x38 ./Drivers/STM32F1xx_HAL_Driver/Src/stm32f1xx_hal_cortex.o
 .text.__NVIC_SetPriority
                0x0000000008001214       0x54 ./Drivers/STM32F1xx_HAL_Driver/Src/stm32f1xx_hal_cortex.o
 .text.NVIC_EncodePriority
                0x0000000008001268       0x64 ./Drivers/STM32F1xx_HAL_Driver/Src/stm32f1xx_hal_cortex.o
 .text.SysTick_Config
                0x00000000080012cc       0x44 ./Drivers/STM32F1xx_HAL_Driver/Src/stm32f1xx_hal_cortex.o
 .text.HAL_NVIC_SetPriorityGrouping
                0x0000000008001310       0x16 ./Drivers/STM32F1xx_HAL_Driver/Src/stm32f1xx_hal_cortex.o
                0x0000000008001310                HAL_NVIC_SetPriorityGrouping
 .text.HAL_NVIC_SetPriority
                0x0000000008001326       0x38 ./Drivers/STM32F1xx_HAL_Driver/Src/stm32f1xx_hal_cortex.o
                0x0000000008001326                HAL_NVIC_SetPriority
 .text.HAL_NVIC_EnableIRQ
                0x000000000800135e       0x1c ./Drivers/STM32F1xx_HAL_Driver/Src/stm32f1xx_hal_cortex.o
                0x000000000800135e                HAL_NVIC_EnableIRQ
 .text.HAL_SYSTICK_Config
                0x000000000800137a       0x18 ./Drivers/STM32F1xx_HAL_Driver/Src/stm32f1xx_hal_cortex.o
                0x000000000800137a                HAL_SYSTICK_Config
 *fill*         0x0000000008001392        0x2 
 .text.HAL_GPIO_Init
                0x0000000008001394      0x2f4 ./Drivers/STM32F1xx_HAL_Driver/Src/stm32f1xx_hal_gpio.o
                0x0000000008001394                HAL_GPIO_Init
 .text.HAL_GPIO_ReadPin
                0x0000000008001688       0x2e ./Drivers/STM32F1xx_HAL_Driver/Src/stm32f1xx_hal_gpio.o
                0x0000000008001688                HAL_GPIO_ReadPin
 .text.HAL_GPIO_WritePin
                0x00000000080016b6       0x30 ./Drivers/STM32F1xx_HAL_Driver/Src/stm32f1xx_hal_gpio.o
                0x00000000080016b6                HAL_GPIO_WritePin
 .text.HAL_GPIO_TogglePin
                0x00000000080016e6       0x32 ./Drivers/STM32F1xx_HAL_Driver/Src/stm32f1xx_hal_gpio.o
                0x00000000080016e6                HAL_GPIO_TogglePin
 .text.HAL_RCC_OscConfig
                0x0000000008001718      0x500 ./Drivers/STM32F1xx_HAL_Driver/Src/stm32f1xx_hal_rcc.o
                0x0000000008001718                HAL_RCC_OscConfig
 .text.HAL_RCC_ClockConfig
                0x0000000008001c18      0x1d4 ./Drivers/STM32F1xx_HAL_Driver/Src/stm32f1xx_hal_rcc.o
                0x0000000008001c18                HAL_RCC_ClockConfig
 .text.HAL_RCC_GetSysClockFreq
                0x0000000008001dec       0xc0 ./Drivers/STM32F1xx_HAL_Driver/Src/stm32f1xx_hal_rcc.o
                0x0000000008001dec                HAL_RCC_GetSysClockFreq
 .text.RCC_Delay
                0x0000000008001eac       0x3c ./Drivers/STM32F1xx_HAL_Driver/Src/stm32f1xx_hal_rcc.o
 .text.HAL_TIM_Base_Init
                0x0000000008001ee8       0x9e ./Drivers/STM32F1xx_HAL_Driver/Src/stm32f1xx_hal_tim.o
                0x0000000008001ee8                HAL_TIM_Base_Init
 *fill*         0x0000000008001f86        0x2 
 .text.HAL_TIM_Base_Start_IT
                0x0000000008001f88       0x98 ./Drivers/STM32F1xx_HAL_Driver/Src/stm32f1xx_hal_tim.o
                0x0000000008001f88                HAL_TIM_Base_Start_IT
 .text.HAL_TIM_IRQHandler
                0x0000000008002020      0x210 ./Drivers/STM32F1xx_HAL_Driver/Src/stm32f1xx_hal_tim.o
                0x0000000008002020                HAL_TIM_IRQHandler
 .text.HAL_TIM_ConfigClockSource
                0x0000000008002230      0x188 ./Drivers/STM32F1xx_HAL_Driver/Src/stm32f1xx_hal_tim.o
                0x0000000008002230                HAL_TIM_ConfigClockSource
 .text.HAL_TIM_OC_DelayElapsedCallback
                0x00000000080023b8       0x12 ./Drivers/STM32F1xx_HAL_Driver/Src/stm32f1xx_hal_tim.o
                0x00000000080023b8                HAL_TIM_OC_DelayElapsedCallback
 .text.HAL_TIM_IC_CaptureCallback
                0x00000000080023ca       0x12 ./Drivers/STM32F1xx_HAL_Driver/Src/stm32f1xx_hal_tim.o
                0x00000000080023ca                HAL_TIM_IC_CaptureCallback
 .text.HAL_TIM_PWM_PulseFinishedCallback
                0x00000000080023dc       0x12 ./Drivers/STM32F1xx_HAL_Driver/Src/stm32f1xx_hal_tim.o
                0x00000000080023dc                HAL_TIM_PWM_PulseFinishedCallback
 .text.HAL_TIM_TriggerCallback
                0x00000000080023ee       0x12 ./Drivers/STM32F1xx_HAL_Driver/Src/stm32f1xx_hal_tim.o
                0x00000000080023ee                HAL_TIM_TriggerCallback
 .text.TIM_Base_SetConfig
                0x0000000008002400       0xb0 ./Drivers/STM32F1xx_HAL_Driver/Src/stm32f1xx_hal_tim.o
                0x0000000008002400                TIM_Base_SetConfig
 .text.TIM_TI1_ConfigInputStage
                0x00000000080024b0       0x5c ./Drivers/STM32F1xx_HAL_Driver/Src/stm32f1xx_hal_tim.o
 .text.TIM_TI2_ConfigInputStage
                0x000000000800250c       0x5e ./Drivers/STM32F1xx_HAL_Driver/Src/stm32f1xx_hal_tim.o
 .text.TIM_ITRx_SetConfig
                0x000000000800256a       0x34 ./Drivers/STM32F1xx_HAL_Driver/Src/stm32f1xx_hal_tim.o
 .text.TIM_ETR_SetConfig
                0x000000000800259e       0x3e ./Drivers/STM32F1xx_HAL_Driver/Src/stm32f1xx_hal_tim.o
                0x000000000800259e                TIM_ETR_SetConfig
 .text.HAL_TIMEx_MasterConfigSynchronization
                0x00000000080025dc       0xb0 ./Drivers/STM32F1xx_HAL_Driver/Src/stm32f1xx_hal_tim_ex.o
                0x00000000080025dc                HAL_TIMEx_MasterConfigSynchronization
 .text.HAL_TIMEx_CommutCallback
                0x000000000800268c       0x12 ./Drivers/STM32F1xx_HAL_Driver/Src/stm32f1xx_hal_tim_ex.o
                0x000000000800268c                HAL_TIMEx_CommutCallback
 .text.HAL_TIMEx_BreakCallback
                0x000000000800269e       0x12 ./Drivers/STM32F1xx_HAL_Driver/Src/stm32f1xx_hal_tim_ex.o
                0x000000000800269e                HAL_TIMEx_BreakCallback
 .text.__libc_init_array
                0x00000000080026b0       0x48 c:/st/stm32cubeide_1.7.0/stm32cubeide/plugins/com.st.stm32cube.ide.mcu.externaltools.gnu-tools-for-stm32.9-2020-q2-update.win32_2.0.0.202105311346/tools/bin/../lib/gcc/arm-none-eabi/9.3.1/../../../../arm-none-eabi/lib/thumb/v7-m/nofp\libc_nano.a(lib_a-init.o)
                0x00000000080026b0                __libc_init_array
 .text.memset   0x00000000080026f8       0x10 c:/st/stm32cubeide_1.7.0/stm32cubeide/plugins/com.st.stm32cube.ide.mcu.externaltools.gnu-tools-for-stm32.9-2020-q2-update.win32_2.0.0.202105311346/tools/bin/../lib/gcc/arm-none-eabi/9.3.1/../../../../arm-none-eabi/lib/thumb/v7-m/nofp\libc_nano.a(lib_a-memset.o)
                0x00000000080026f8                memset
 *(.glue_7)
 .glue_7        0x0000000008002708        0x0 linker stubs
 *(.glue_7t)
 .glue_7t       0x0000000008002708        0x0 linker stubs
 *(.eh_frame)
 .eh_frame      0x0000000008002708        0x0 c:/st/stm32cubeide_1.7.0/stm32cubeide/plugins/com.st.stm32cube.ide.mcu.externaltools.gnu-tools-for-stm32.9-2020-q2-update.win32_2.0.0.202105311346/tools/bin/../lib/gcc/arm-none-eabi/9.3.1/thumb/v7-m/nofp/crtbegin.o
 *(.init)
 .init          0x0000000008002708        0x4 c:/st/stm32cubeide_1.7.0/stm32cubeide/plugins/com.st.stm32cube.ide.mcu.externaltools.gnu-tools-for-stm32.9-2020-q2-update.win32_2.0.0.202105311346/tools/bin/../lib/gcc/arm-none-eabi/9.3.1/thumb/v7-m/nofp/crti.o
                0x0000000008002708                _init
 .init          0x000000000800270c        0x8 c:/st/stm32cubeide_1.7.0/stm32cubeide/plugins/com.st.stm32cube.ide.mcu.externaltools.gnu-tools-for-stm32.9-2020-q2-update.win32_2.0.0.202105311346/tools/bin/../lib/gcc/arm-none-eabi/9.3.1/thumb/v7-m/nofp/crtn.o
 *(.fini)
 .fini          0x0000000008002714        0x4 c:/st/stm32cubeide_1.7.0/stm32cubeide/plugins/com.st.stm32cube.ide.mcu.externaltools.gnu-tools-for-stm32.9-2020-q2-update.win32_2.0.0.202105311346/tools/bin/../lib/gcc/arm-none-eabi/9.3.1/thumb/v7-m/nofp/crti.o
                0x0000000008002714                _fini
 .fini          0x0000000008002718        0x8 c:/st/stm32cubeide_1.7.0/stm32cubeide/plugins/com.st.stm32cube.ide.mcu.externaltools.gnu-tools-for-stm32.9-2020-q2-update.win32_2.0.0.202105311346/tools/bin/../lib/gcc/arm-none-eabi/9.3.1/thumb/v7-m/nofp/crtn.o
                0x0000000008002720                . = ALIGN (0x4)
                0x0000000008002720                _etext = .

.vfp11_veneer   0x0000000008002720        0x0
 .vfp11_veneer  0x0000000008002720        0x0 linker stubs

.v4_bx          0x0000000008002720        0x0
 .v4_bx         0x0000000008002720        0x0 linker stubs

.iplt           0x0000000008002720        0x0
 .iplt          0x0000000008002720        0x0 c:/st/stm32cubeide_1.7.0/stm32cubeide/plugins/com.st.stm32cube.ide.mcu.externaltools.gnu-tools-for-stm32.9-2020-q2-update.win32_2.0.0.202105311346/tools/bin/../lib/gcc/arm-none-eabi/9.3.1/thumb/v7-m/nofp/crtbegin.o

.rodata         0x0000000008002720       0x20
                0x0000000008002720                . = ALIGN (0x4)
 *(.rodata)
 .rodata        0x0000000008002720       0x10 ./Drivers/STM32F1xx_HAL_Driver/Src/stm32f1xx_hal_rcc.o
 *(.rodata*)
 .rodata.AHBPrescTable
                0x0000000008002730       0x10 ./Core/Src/system_stm32f1xx.o
                0x0000000008002730                AHBPrescTable
                0x0000000008002740                . = ALIGN (0x4)

.rel.dyn        0x0000000008002740        0x0
 .rel.iplt      0x0000000008002740        0x0 c:/st/stm32cubeide_1.7.0/stm32cubeide/plugins/com.st.stm32cube.ide.mcu.externaltools.gnu-tools-for-stm32.9-2020-q2-update.win32_2.0.0.202105311346/tools/bin/../lib/gcc/arm-none-eabi/9.3.1/thumb/v7-m/nofp/crtbegin.o

.ARM.extab      0x0000000008002740        0x0
                0x0000000008002740                . = ALIGN (0x4)
 *(.ARM.extab* .gnu.linkonce.armextab.*)
                0x0000000008002740                . = ALIGN (0x4)

.ARM            0x0000000008002740        0x0
                0x0000000008002740                . = ALIGN (0x4)
                0x0000000008002740                __exidx_start = .
 *(.ARM.exidx*)
                0x0000000008002740                __exidx_end = .
                0x0000000008002740                . = ALIGN (0x4)

.preinit_array  0x0000000008002740        0x0
                0x0000000008002740                . = ALIGN (0x4)
                0x0000000008002740                PROVIDE (__preinit_array_start = .)
 *(.preinit_array*)
                0x0000000008002740                PROVIDE (__preinit_array_end = .)
                0x0000000008002740                . = ALIGN (0x4)

.init_array     0x0000000008002740        0x4
                0x0000000008002740                . = ALIGN (0x4)
                0x0000000008002740                PROVIDE (__init_array_start = .)
 *(SORT_BY_NAME(.init_array.*))
 *(.init_array*)
 .init_array    0x0000000008002740        0x4 c:/st/stm32cubeide_1.7.0/stm32cubeide/plugins/com.st.stm32cube.ide.mcu.externaltools.gnu-tools-for-stm32.9-2020-q2-update.win32_2.0.0.202105311346/tools/bin/../lib/gcc/arm-none-eabi/9.3.1/thumb/v7-m/nofp/crtbegin.o
                0x0000000008002744                PROVIDE (__init_array_end = .)
                0x0000000008002744                . = ALIGN (0x4)

.fini_array     0x0000000008002744        0x4
                0x0000000008002744                . = ALIGN (0x4)
                [!provide]                        PROVIDE (__fini_array_start = .)
 *(SORT_BY_NAME(.fini_array.*))
 *(.fini_array*)
 .fini_array    0x0000000008002744        0x4 c:/st/stm32cubeide_1.7.0/stm32cubeide/plugins/com.st.stm32cube.ide.mcu.externaltools.gnu-tools-for-stm32.9-2020-q2-update.win32_2.0.0.202105311346/tools/bin/../lib/gcc/arm-none-eabi/9.3.1/thumb/v7-m/nofp/crtbegin.o
                [!provide]                        PROVIDE (__fini_array_end = .)
                0x0000000008002748                . = ALIGN (0x4)
                0x0000000008002748                _sidata = LOADADDR (.data)

.data           0x0000000020000000       0x10 load address 0x0000000008002748
                0x0000000020000000                . = ALIGN (0x4)
                0x0000000020000000                _sdata = .
 *(.data)
 *(.data*)
 .data.buttonBuffer
                0x0000000020000000        0x3 ./Core/Src/button.o
 *fill*         0x0000000020000003        0x1 
 .data.SystemCoreClock
                0x0000000020000004        0x4 ./Core/Src/system_stm32f1xx.o
                0x0000000020000004                SystemCoreClock
 .data.uwTickPrio
                0x0000000020000008        0x4 ./Drivers/STM32F1xx_HAL_Driver/Src/stm32f1xx_hal.o
                0x0000000020000008                uwTickPrio
 .data.uwTickFreq
                0x000000002000000c        0x1 ./Drivers/STM32F1xx_HAL_Driver/Src/stm32f1xx_hal.o
                0x000000002000000c                uwTickFreq
 *(.RamFunc)
 *(.RamFunc*)
                0x0000000020000010                . = ALIGN (0x4)
 *fill*         0x000000002000000d        0x3 
                0x0000000020000010                _edata = .

.igot.plt       0x0000000020000010        0x0 load address 0x0000000008002758
 .igot.plt      0x0000000020000010        0x0 c:/st/stm32cubeide_1.7.0/stm32cubeide/plugins/com.st.stm32cube.ide.mcu.externaltools.gnu-tools-for-stm32.9-2020-q2-update.win32_2.0.0.202105311346/tools/bin/../lib/gcc/arm-none-eabi/9.3.1/thumb/v7-m/nofp/crtbegin.o
                0x0000000020000010                . = ALIGN (0x4)

.bss            0x0000000020000010       0xe0 load address 0x0000000008002758
                0x0000000020000010                _sbss = .
                0x0000000020000010                __bss_start__ = _sbss
 *(.bss)
 .bss           0x0000000020000010       0x1c c:/st/stm32cubeide_1.7.0/stm32cubeide/plugins/com.st.stm32cube.ide.mcu.externaltools.gnu-tools-for-stm32.9-2020-q2-update.win32_2.0.0.202105311346/tools/bin/../lib/gcc/arm-none-eabi/9.3.1/thumb/v7-m/nofp/crtbegin.o
 *(.bss*)
 .bss.debounceButtonBuffer1
                0x000000002000002c        0x3 ./Core/Src/button.o
 *fill*         0x000000002000002f        0x1 
 .bss.debounceButtonBuffer2
                0x0000000020000030        0x3 ./Core/Src/button.o
 *fill*         0x0000000020000033        0x1 
 .bss.debounceButtonBuffer0
                0x0000000020000034        0x3 ./Core/Src/button.o
 *fill*         0x0000000020000037        0x1 
 .bss.flagForButtonPressed
                0x0000000020000038        0xc ./Core/Src/button.o
 .bss.flagForButtonDoublePressed
                0x0000000020000044        0xc ./Core/Src/button.o
 .bss.flagForButtonPressed3s
                0x0000000020000050        0xc ./Core/Src/button.o
 .bss.counterForButtonPressed3s
                0x000000002000005c        0xc ./Core/Src/button.o
 .bss.counterForButtonDoublePressed
                0x0000000020000068        0xc ./Core/Src/button.o
 .bss.status    0x0000000020000074        0x4 ./Core/Src/global.o
                0x0000000020000074                status
 .bss.counter   0x0000000020000078        0x4 ./Core/Src/global.o
                0x0000000020000078                counter
 .bss.timer1_flag
                0x000000002000007c        0x4 ./Core/Src/software_timer.o
                0x000000002000007c                timer1_flag
 .bss.timer1_counter
                0x0000000020000080        0x4 ./Core/Src/software_timer.o
                0x0000000020000080                timer1_counter
 .bss.timer2_flag
                0x0000000020000084        0x4 ./Core/Src/software_timer.o
                0x0000000020000084                timer2_flag
 .bss.timer2_counter
                0x0000000020000088        0x4 ./Core/Src/software_timer.o
                0x0000000020000088                timer2_counter
 .bss.timer3_flag
                0x000000002000008c        0x4 ./Core/Src/software_timer.o
                0x000000002000008c                timer3_flag
 .bss.timer3_counter
                0x0000000020000090        0x4 ./Core/Src/software_timer.o
                0x0000000020000090                timer3_counter
 .bss.timer4_flag
                0x0000000020000094        0x4 ./Core/Src/software_timer.o
                0x0000000020000094                timer4_flag
 .bss.timer4_counter
                0x0000000020000098        0x4 ./Core/Src/software_timer.o
                0x0000000020000098                timer4_counter
 .bss.timer5_flag
                0x000000002000009c        0x4 ./Core/Src/software_timer.o
                0x000000002000009c                timer5_flag
 .bss.timer5_counter
                0x00000000200000a0        0x4 ./Core/Src/software_timer.o
                0x00000000200000a0                timer5_counter
 *(COMMON)
 COMMON         0x00000000200000a4       0x48 ./Core/Src/main.o
                0x00000000200000a4                htim2
 COMMON         0x00000000200000ec        0x4 ./Drivers/STM32F1xx_HAL_Driver/Src/stm32f1xx_hal.o
                0x00000000200000ec                uwTick
                0x00000000200000f0                . = ALIGN (0x4)
                0x00000000200000f0                _ebss = .
                0x00000000200000f0                __bss_end__ = _ebss

._user_heap_stack
                0x00000000200000f0      0x600 load address 0x0000000008002758
                0x00000000200000f0                . = ALIGN (0x8)
                [!provide]                        PROVIDE (end = .)
                0x00000000200000f0                PROVIDE (_end = .)
                0x00000000200002f0                . = (. + _Min_Heap_Size)
 *fill*         0x00000000200000f0      0x200 
                0x00000000200006f0                . = (. + _Min_Stack_Size)
 *fill*         0x00000000200002f0      0x400 
                0x00000000200006f0                . = ALIGN (0x8)

/DISCARD/
 libc.a(*)
 libm.a(*)
 libgcc.a(*)

.ARM.attributes
                0x0000000000000000       0x29
 *(.ARM.attributes)
 .ARM.attributes
                0x0000000000000000       0x1d c:/st/stm32cubeide_1.7.0/stm32cubeide/plugins/com.st.stm32cube.ide.mcu.externaltools.gnu-tools-for-stm32.9-2020-q2-update.win32_2.0.0.202105311346/tools/bin/../lib/gcc/arm-none-eabi/9.3.1/thumb/v7-m/nofp/crti.o
 .ARM.attributes
                0x000000000000001d       0x2d c:/st/stm32cubeide_1.7.0/stm32cubeide/plugins/com.st.stm32cube.ide.mcu.externaltools.gnu-tools-for-stm32.9-2020-q2-update.win32_2.0.0.202105311346/tools/bin/../lib/gcc/arm-none-eabi/9.3.1/thumb/v7-m/nofp/crtbegin.o
 .ARM.attributes
                0x000000000000004a       0x2d ./Core/Src/button.o
 .ARM.attributes
                0x0000000000000077       0x2d ./Core/Src/fsm_auto.o
 .ARM.attributes
                0x00000000000000a4       0x2d ./Core/Src/fsm_simple_button.o
 .ARM.attributes
                0x00000000000000d1       0x33 ./Core/Src/global.o
 .ARM.attributes
                0x0000000000000104       0x2d ./Core/Src/led.o
 .ARM.attributes
                0x0000000000000131       0x2d ./Core/Src/main.o
 .ARM.attributes
                0x000000000000015e       0x2d ./Core/Src/software_timer.o
 .ARM.attributes
                0x000000000000018b       0x2d ./Core/Src/stm32f1xx_hal_msp.o
 .ARM.attributes
                0x00000000000001b8       0x2d ./Core/Src/stm32f1xx_it.o
 .ARM.attributes
                0x00000000000001e5       0x2d ./Core/Src/system_stm32f1xx.o
 .ARM.attributes
                0x0000000000000212       0x2d ./Core/Src/timer_task.o
 .ARM.attributes
                0x000000000000023f       0x21 ./Core/Startup/startup_stm32f103c6ux.o
 .ARM.attributes
                0x0000000000000260       0x2d ./Drivers/STM32F1xx_HAL_Driver/Src/stm32f1xx_hal.o
 .ARM.attributes
                0x000000000000028d       0x2d ./Drivers/STM32F1xx_HAL_Driver/Src/stm32f1xx_hal_cortex.o
 .ARM.attributes
                0x00000000000002ba       0x2d ./Drivers/STM32F1xx_HAL_Driver/Src/stm32f1xx_hal_gpio.o
 .ARM.attributes
                0x00000000000002e7       0x2d ./Drivers/STM32F1xx_HAL_Driver/Src/stm32f1xx_hal_rcc.o
 .ARM.attributes
                0x0000000000000314       0x2d ./Drivers/STM32F1xx_HAL_Driver/Src/stm32f1xx_hal_tim.o
 .ARM.attributes
                0x0000000000000341       0x2d ./Drivers/STM32F1xx_HAL_Driver/Src/stm32f1xx_hal_tim_ex.o
 .ARM.attributes
                0x000000000000036e       0x2d c:/st/stm32cubeide_1.7.0/stm32cubeide/plugins/com.st.stm32cube.ide.mcu.externaltools.gnu-tools-for-stm32.9-2020-q2-update.win32_2.0.0.202105311346/tools/bin/../lib/gcc/arm-none-eabi/9.3.1/../../../../arm-none-eabi/lib/thumb/v7-m/nofp\libc_nano.a(lib_a-init.o)
 .ARM.attributes
                0x000000000000039b       0x2d c:/st/stm32cubeide_1.7.0/stm32cubeide/plugins/com.st.stm32cube.ide.mcu.externaltools.gnu-tools-for-stm32.9-2020-q2-update.win32_2.0.0.202105311346/tools/bin/../lib/gcc/arm-none-eabi/9.3.1/../../../../arm-none-eabi/lib/thumb/v7-m/nofp\libc_nano.a(lib_a-memset.o)
 .ARM.attributes
                0x00000000000003c8       0x1d c:/st/stm32cubeide_1.7.0/stm32cubeide/plugins/com.st.stm32cube.ide.mcu.externaltools.gnu-tools-for-stm32.9-2020-q2-update.win32_2.0.0.202105311346/tools/bin/../lib/gcc/arm-none-eabi/9.3.1/thumb/v7-m/nofp/crtn.o
OUTPUT(mid_term.elf elf32-littlearm)
LOAD linker stubs
LOAD c:/st/stm32cubeide_1.7.0/stm32cubeide/plugins/com.st.stm32cube.ide.mcu.externaltools.gnu-tools-for-stm32.9-2020-q2-update.win32_2.0.0.202105311346/tools/bin/../lib/gcc/arm-none-eabi/9.3.1/../../../../arm-none-eabi/lib/thumb/v7-m/nofp\libc.a
LOAD c:/st/stm32cubeide_1.7.0/stm32cubeide/plugins/com.st.stm32cube.ide.mcu.externaltools.gnu-tools-for-stm32.9-2020-q2-update.win32_2.0.0.202105311346/tools/bin/../lib/gcc/arm-none-eabi/9.3.1/../../../../arm-none-eabi/lib/thumb/v7-m/nofp\libm.a
LOAD c:/st/stm32cubeide_1.7.0/stm32cubeide/plugins/com.st.stm32cube.ide.mcu.externaltools.gnu-tools-for-stm32.9-2020-q2-update.win32_2.0.0.202105311346/tools/bin/../lib/gcc/arm-none-eabi/9.3.1/thumb/v7-m/nofp\libgcc.a

.debug_info     0x0000000000000000     0x935a
 .debug_info    0x0000000000000000      0x47f ./Core/Src/button.o
 .debug_info    0x000000000000047f      0x1e6 ./Core/Src/fsm_auto.o
 .debug_info    0x0000000000000665      0x1e6 ./Core/Src/fsm_simple_button.o
 .debug_info    0x000000000000084b      0x1e8 ./Core/Src/global.o
 .debug_info    0x0000000000000a33      0x2cb ./Core/Src/led.o
 .debug_info    0x0000000000000cfe      0xbe6 ./Core/Src/main.o
 .debug_info    0x00000000000018e4      0x233 ./Core/Src/software_timer.o
 .debug_info    0x0000000000001b17      0xa04 ./Core/Src/stm32f1xx_hal_msp.o
 .debug_info    0x000000000000251b      0x7b4 ./Core/Src/stm32f1xx_it.o
 .debug_info    0x0000000000002ccf      0x2be ./Core/Src/system_stm32f1xx.o
 .debug_info    0x0000000000002f8d      0x1f8 ./Core/Src/timer_task.o
 .debug_info    0x0000000000003185       0x22 ./Core/Startup/startup_stm32f103c6ux.o
 .debug_info    0x00000000000031a7      0x74c ./Drivers/STM32F1xx_HAL_Driver/Src/stm32f1xx_hal.o
 .debug_info    0x00000000000038f3      0xbbe ./Drivers/STM32F1xx_HAL_Driver/Src/stm32f1xx_hal_cortex.o
 .debug_info    0x00000000000044b1      0x701 ./Drivers/STM32F1xx_HAL_Driver/Src/stm32f1xx_hal_gpio.o
 .debug_info    0x0000000000004bb2      0x88e ./Drivers/STM32F1xx_HAL_Driver/Src/stm32f1xx_hal_rcc.o
 .debug_info    0x0000000000005440     0x2a45 ./Drivers/STM32F1xx_HAL_Driver/Src/stm32f1xx_hal_tim.o
 .debug_info    0x0000000000007e85     0x14d5 ./Drivers/STM32F1xx_HAL_Driver/Src/stm32f1xx_hal_tim_ex.o

.debug_abbrev   0x0000000000000000     0x1b43
 .debug_abbrev  0x0000000000000000      0x1a2 ./Core/Src/button.o
 .debug_abbrev  0x00000000000001a2       0xb6 ./Core/Src/fsm_auto.o
 .debug_abbrev  0x0000000000000258       0xb6 ./Core/Src/fsm_simple_button.o
 .debug_abbrev  0x000000000000030e       0xa9 ./Core/Src/global.o
 .debug_abbrev  0x00000000000003b7      0x12c ./Core/Src/led.o
 .debug_abbrev  0x00000000000004e3      0x248 ./Core/Src/main.o
 .debug_abbrev  0x000000000000072b       0xb6 ./Core/Src/software_timer.o
 .debug_abbrev  0x00000000000007e1      0x1b7 ./Core/Src/stm32f1xx_hal_msp.o
 .debug_abbrev  0x0000000000000998      0x176 ./Core/Src/stm32f1xx_it.o
 .debug_abbrev  0x0000000000000b0e      0x14e ./Core/Src/system_stm32f1xx.o
 .debug_abbrev  0x0000000000000c5c       0xb6 ./Core/Src/timer_task.o
 .debug_abbrev  0x0000000000000d12       0x12 ./Core/Startup/startup_stm32f103c6ux.o
 .debug_abbrev  0x0000000000000d24      0x1ed ./Drivers/STM32F1xx_HAL_Driver/Src/stm32f1xx_hal.o
 .debug_abbrev  0x0000000000000f11      0x313 ./Drivers/STM32F1xx_HAL_Driver/Src/stm32f1xx_hal_cortex.o
 .debug_abbrev  0x0000000000001224      0x1e8 ./Drivers/STM32F1xx_HAL_Driver/Src/stm32f1xx_hal_gpio.o
 .debug_abbrev  0x000000000000140c      0x273 ./Drivers/STM32F1xx_HAL_Driver/Src/stm32f1xx_hal_rcc.o
 .debug_abbrev  0x000000000000167f      0x25e ./Drivers/STM32F1xx_HAL_Driver/Src/stm32f1xx_hal_tim.o
 .debug_abbrev  0x00000000000018dd      0x266 ./Drivers/STM32F1xx_HAL_Driver/Src/stm32f1xx_hal_tim_ex.o

.debug_aranges  0x0000000000000000      0xaa8
 .debug_aranges
                0x0000000000000000       0x58 ./Core/Src/button.o
 .debug_aranges
                0x0000000000000058       0x20 ./Core/Src/fsm_auto.o
 .debug_aranges
                0x0000000000000078       0x20 ./Core/Src/fsm_simple_button.o
 .debug_aranges
                0x0000000000000098       0x18 ./Core/Src/global.o
 .debug_aranges
                0x00000000000000b0       0x30 ./Core/Src/led.o
 .debug_aranges
                0x00000000000000e0       0x48 ./Core/Src/main.o
 .debug_aranges
                0x0000000000000128       0x70 ./Core/Src/software_timer.o
 .debug_aranges
                0x0000000000000198       0x30 ./Core/Src/stm32f1xx_hal_msp.o
 .debug_aranges
                0x00000000000001c8       0x68 ./Core/Src/stm32f1xx_it.o
 .debug_aranges
                0x0000000000000230       0x28 ./Core/Src/system_stm32f1xx.o
 .debug_aranges
                0x0000000000000258       0x28 ./Core/Src/timer_task.o
 .debug_aranges
                0x0000000000000280       0x28 ./Core/Startup/startup_stm32f103c6ux.o
 .debug_aranges
                0x00000000000002a8       0xe0 ./Drivers/STM32F1xx_HAL_Driver/Src/stm32f1xx_hal.o
 .debug_aranges
                0x0000000000000388      0x100 ./Drivers/STM32F1xx_HAL_Driver/Src/stm32f1xx_hal_cortex.o
 .debug_aranges
                0x0000000000000488       0x58 ./Drivers/STM32F1xx_HAL_Driver/Src/stm32f1xx_hal_gpio.o
 .debug_aranges
                0x00000000000004e0       0x90 ./Drivers/STM32F1xx_HAL_Driver/Src/stm32f1xx_hal_rcc.o
 .debug_aranges
                0x0000000000000570      0x3d0 ./Drivers/STM32F1xx_HAL_Driver/Src/stm32f1xx_hal_tim.o
 .debug_aranges
                0x0000000000000940      0x168 ./Drivers/STM32F1xx_HAL_Driver/Src/stm32f1xx_hal_tim_ex.o

.debug_ranges   0x0000000000000000      0x988
 .debug_ranges  0x0000000000000000       0x48 ./Core/Src/button.o
 .debug_ranges  0x0000000000000048       0x10 ./Core/Src/fsm_auto.o
 .debug_ranges  0x0000000000000058       0x10 ./Core/Src/fsm_simple_button.o
 .debug_ranges  0x0000000000000068       0x20 ./Core/Src/led.o
 .debug_ranges  0x0000000000000088       0x38 ./Core/Src/main.o
 .debug_ranges  0x00000000000000c0       0x60 ./Core/Src/software_timer.o
 .debug_ranges  0x0000000000000120       0x20 ./Core/Src/stm32f1xx_hal_msp.o
 .debug_ranges  0x0000000000000140       0x58 ./Core/Src/stm32f1xx_it.o
 .debug_ranges  0x0000000000000198       0x18 ./Core/Src/system_stm32f1xx.o
 .debug_ranges  0x00000000000001b0       0x18 ./Core/Src/timer_task.o
 .debug_ranges  0x00000000000001c8       0x20 ./Core/Startup/startup_stm32f103c6ux.o
 .debug_ranges  0x00000000000001e8       0xd0 ./Drivers/STM32F1xx_HAL_Driver/Src/stm32f1xx_hal.o
 .debug_ranges  0x00000000000002b8       0xf0 ./Drivers/STM32F1xx_HAL_Driver/Src/stm32f1xx_hal_cortex.o
 .debug_ranges  0x00000000000003a8       0x48 ./Drivers/STM32F1xx_HAL_Driver/Src/stm32f1xx_hal_gpio.o
 .debug_ranges  0x00000000000003f0       0x80 ./Drivers/STM32F1xx_HAL_Driver/Src/stm32f1xx_hal_rcc.o
 .debug_ranges  0x0000000000000470      0x3c0 ./Drivers/STM32F1xx_HAL_Driver/Src/stm32f1xx_hal_tim.o
 .debug_ranges  0x0000000000000830      0x158 ./Drivers/STM32F1xx_HAL_Driver/Src/stm32f1xx_hal_tim_ex.o

.debug_macro    0x0000000000000000    0x16f44
 .debug_macro   0x0000000000000000      0x1fa ./Core/Src/button.o
 .debug_macro   0x00000000000001fa      0xa9c ./Core/Src/button.o
 .debug_macro   0x0000000000000c96      0x215 ./Core/Src/button.o
 .debug_macro   0x0000000000000eab       0x2e ./Core/Src/button.o
 .debug_macro   0x0000000000000ed9       0x22 ./Core/Src/button.o
 .debug_macro   0x0000000000000efb       0x22 ./Core/Src/button.o
 .debug_macro   0x0000000000000f1d       0x8e ./Core/Src/button.o
 .debug_macro   0x0000000000000fab       0x51 ./Core/Src/button.o
 .debug_macro   0x0000000000000ffc      0x103 ./Core/Src/button.o
 .debug_macro   0x00000000000010ff       0x6a ./Core/Src/button.o
 .debug_macro   0x0000000000001169      0x1df ./Core/Src/button.o
 .debug_macro   0x0000000000001348       0x1c ./Core/Src/button.o
 .debug_macro   0x0000000000001364       0x22 ./Core/Src/button.o
 .debug_macro   0x0000000000001386       0xc3 ./Core/Src/button.o
 .debug_macro   0x0000000000001449      0xd23 ./Core/Src/button.o
 .debug_macro   0x000000000000216c     0xde75 ./Core/Src/button.o
 .debug_macro   0x000000000000ffe1       0x6d ./Core/Src/button.o
 .debug_macro   0x000000000001004e     0x3468 ./Core/Src/button.o
 .debug_macro   0x00000000000134b6      0x174 ./Core/Src/button.o
 .debug_macro   0x000000000001362a       0x5c ./Core/Src/button.o
 .debug_macro   0x0000000000013686      0x5be ./Core/Src/button.o
 .debug_macro   0x0000000000013c44      0x1b7 ./Core/Src/button.o
 .debug_macro   0x0000000000013dfb      0x1cb ./Core/Src/button.o
 .debug_macro   0x0000000000013fc6      0x114 ./Core/Src/button.o
 .debug_macro   0x00000000000140da      0x1b2 ./Core/Src/button.o
 .debug_macro   0x000000000001428c       0x27 ./Core/Src/button.o
 .debug_macro   0x00000000000142b3      0x12f ./Core/Src/button.o
 .debug_macro   0x00000000000143e2      0x1bc ./Core/Src/button.o
 .debug_macro   0x000000000001459e       0x34 ./Core/Src/button.o
 .debug_macro   0x00000000000145d2       0x3c ./Core/Src/button.o
 .debug_macro   0x000000000001460e       0x57 ./Core/Src/button.o
 .debug_macro   0x0000000000014665       0x88 ./Core/Src/button.o
 .debug_macro   0x00000000000146ed      0x183 ./Core/Src/button.o
 .debug_macro   0x0000000000014870      0x141 ./Core/Src/button.o
 .debug_macro   0x00000000000149b1      0x8d1 ./Core/Src/button.o
 .debug_macro   0x0000000000015282       0x69 ./Core/Src/button.o
 .debug_macro   0x00000000000152eb      0x184 ./Core/Src/button.o
 .debug_macro   0x000000000001546f       0x3a ./Core/Src/button.o
 .debug_macro   0x00000000000154a9      0x1ec ./Core/Src/fsm_auto.o
 .debug_macro   0x0000000000015695      0x1e2 ./Core/Src/fsm_simple_button.o
 .debug_macro   0x0000000000015877      0x1d8 ./Core/Src/global.o
 .debug_macro   0x0000000000015a4f      0x1dc ./Core/Src/led.o
 .debug_macro   0x0000000000015c2b      0x1fa ./Core/Src/main.o
 .debug_macro   0x0000000000015e25       0x1b ./Core/Src/software_timer.o
 .debug_macro   0x0000000000015e40      0x1a7 ./Core/Src/stm32f1xx_hal_msp.o
 .debug_macro   0x0000000000015fe7      0x1b1 ./Core/Src/stm32f1xx_it.o
 .debug_macro   0x0000000000016198      0x198 ./Core/Src/system_stm32f1xx.o
 .debug_macro   0x0000000000016330      0x1e2 ./Core/Src/timer_task.o
 .debug_macro   0x0000000000016512      0x1bc ./Drivers/STM32F1xx_HAL_Driver/Src/stm32f1xx_hal.o
 .debug_macro   0x00000000000166ce      0x198 ./Drivers/STM32F1xx_HAL_Driver/Src/stm32f1xx_hal_cortex.o
 .debug_macro   0x0000000000016866      0x203 ./Drivers/STM32F1xx_HAL_Driver/Src/stm32f1xx_hal_gpio.o
 .debug_macro   0x0000000000016a69      0x1aa ./Drivers/STM32F1xx_HAL_Driver/Src/stm32f1xx_hal_rcc.o
 .debug_macro   0x0000000000016c13      0x199 ./Drivers/STM32F1xx_HAL_Driver/Src/stm32f1xx_hal_tim.o
 .debug_macro   0x0000000000016dac      0x198 ./Drivers/STM32F1xx_HAL_Driver/Src/stm32f1xx_hal_tim_ex.o

.debug_line     0x0000000000000000     0xbfea
 .debug_line    0x0000000000000000      0x85e ./Core/Src/button.o
 .debug_line    0x000000000000085e      0x726 ./Core/Src/fsm_auto.o
 .debug_line    0x0000000000000f84      0x7d1 ./Core/Src/fsm_simple_button.o
 .debug_line    0x0000000000001755      0x676 ./Core/Src/global.o
 .debug_line    0x0000000000001dcb      0x715 ./Core/Src/led.o
 .debug_line    0x00000000000024e0      0x7f9 ./Core/Src/main.o
 .debug_line    0x0000000000002cd9      0x1d1 ./Core/Src/software_timer.o
 .debug_line    0x0000000000002eaa      0x6a1 ./Core/Src/stm32f1xx_hal_msp.o
 .debug_line    0x000000000000354b      0x73f ./Core/Src/stm32f1xx_it.o
 .debug_line    0x0000000000003c8a      0x6e3 ./Core/Src/system_stm32f1xx.o
 .debug_line    0x000000000000436d      0x6cb ./Core/Src/timer_task.o
 .debug_line    0x0000000000004a38       0x87 ./Core/Startup/startup_stm32f103c6ux.o
 .debug_line    0x0000000000004abf      0x910 ./Drivers/STM32F1xx_HAL_Driver/Src/stm32f1xx_hal.o
 .debug_line    0x00000000000053cf      0xaf8 ./Drivers/STM32F1xx_HAL_Driver/Src/stm32f1xx_hal_cortex.o
 .debug_line    0x0000000000005ec7      0x991 ./Drivers/STM32F1xx_HAL_Driver/Src/stm32f1xx_hal_gpio.o
 .debug_line    0x0000000000006858      0xd1e ./Drivers/STM32F1xx_HAL_Driver/Src/stm32f1xx_hal_rcc.o
 .debug_line    0x0000000000007576     0x326e ./Drivers/STM32F1xx_HAL_Driver/Src/stm32f1xx_hal_tim.o
 .debug_line    0x000000000000a7e4     0x1806 ./Drivers/STM32F1xx_HAL_Driver/Src/stm32f1xx_hal_tim_ex.o

.debug_str      0x0000000000000000    0x82450
 .debug_str     0x0000000000000000    0x7f94c ./Core/Src/button.o
                                      0x7fcae (size before relaxing)
 .debug_str     0x000000000007f94c       0x48 ./Core/Src/fsm_auto.o
                                      0x7fa9b (size before relaxing)
 .debug_str     0x000000000007f994       0x50 ./Core/Src/fsm_simple_button.o
                                      0x7faa3 (size before relaxing)
 .debug_str     0x000000000007f9e4       0x15 ./Core/Src/global.o
                                      0x7fa68 (size before relaxing)
 .debug_str     0x000000000007f9f9       0x30 ./Core/Src/led.o
                                      0x7fab4 (size before relaxing)
 .debug_str     0x000000000007fa29      0x6df ./Core/Src/main.o
                                      0x80267 (size before relaxing)
 .debug_str     0x0000000000080108       0xe7 ./Core/Src/software_timer.o
                                       0x2e94 (size before relaxing)
 .debug_str     0x00000000000801ef      0x2ba ./Core/Src/stm32f1xx_hal_msp.o
                                      0x80162 (size before relaxing)
 .debug_str     0x00000000000804a9       0xcd ./Core/Src/stm32f1xx_it.o
                                      0x7fec4 (size before relaxing)
 .debug_str     0x0000000000080576       0x52 ./Core/Src/system_stm32f1xx.o
                                      0x7f506 (size before relaxing)
 .debug_str     0x00000000000805c8       0x2d ./Core/Src/timer_task.o
                                      0x7fa93 (size before relaxing)
 .debug_str     0x00000000000805f5       0x36 ./Core/Startup/startup_stm32f103c6ux.o
                                         0x71 (size before relaxing)
 .debug_str     0x000000000008062b      0x304 ./Drivers/STM32F1xx_HAL_Driver/Src/stm32f1xx_hal.o
                                      0x7fb5d (size before relaxing)
 .debug_str     0x000000000008092f      0x300 ./Drivers/STM32F1xx_HAL_Driver/Src/stm32f1xx_hal_cortex.o
                                      0x7fb65 (size before relaxing)
 .debug_str     0x0000000000080c2f      0x316 ./Drivers/STM32F1xx_HAL_Driver/Src/stm32f1xx_hal_gpio.o
                                      0x7f8ca (size before relaxing)
 .debug_str     0x0000000000080f45      0x24f ./Drivers/STM32F1xx_HAL_Driver/Src/stm32f1xx_hal_rcc.o
                                      0x7f903 (size before relaxing)
 .debug_str     0x0000000000081194      0xdce ./Drivers/STM32F1xx_HAL_Driver/Src/stm32f1xx_hal_tim.o
                                      0x808d5 (size before relaxing)
 .debug_str     0x0000000000081f62      0x4ee ./Drivers/STM32F1xx_HAL_Driver/Src/stm32f1xx_hal_tim_ex.o
                                      0x80086 (size before relaxing)

.comment        0x0000000000000000       0x53
 .comment       0x0000000000000000       0x53 ./Core/Src/button.o
                                         0x54 (size before relaxing)
 .comment       0x0000000000000053       0x54 ./Core/Src/fsm_auto.o
 .comment       0x0000000000000053       0x54 ./Core/Src/fsm_simple_button.o
 .comment       0x0000000000000053       0x54 ./Core/Src/global.o
 .comment       0x0000000000000053       0x54 ./Core/Src/led.o
 .comment       0x0000000000000053       0x54 ./Core/Src/main.o
 .comment       0x0000000000000053       0x54 ./Core/Src/software_timer.o
 .comment       0x0000000000000053       0x54 ./Core/Src/stm32f1xx_hal_msp.o
 .comment       0x0000000000000053       0x54 ./Core/Src/stm32f1xx_it.o
 .comment       0x0000000000000053       0x54 ./Core/Src/system_stm32f1xx.o
 .comment       0x0000000000000053       0x54 ./Core/Src/timer_task.o
 .comment       0x0000000000000053       0x54 ./Drivers/STM32F1xx_HAL_Driver/Src/stm32f1xx_hal.o
 .comment       0x0000000000000053       0x54 ./Drivers/STM32F1xx_HAL_Driver/Src/stm32f1xx_hal_cortex.o
 .comment       0x0000000000000053       0x54 ./Drivers/STM32F1xx_HAL_Driver/Src/stm32f1xx_hal_gpio.o
 .comment       0x0000000000000053       0x54 ./Drivers/STM32F1xx_HAL_Driver/Src/stm32f1xx_hal_rcc.o
 .comment       0x0000000000000053       0x54 ./Drivers/STM32F1xx_HAL_Driver/Src/stm32f1xx_hal_tim.o
 .comment       0x0000000000000053       0x54 ./Drivers/STM32F1xx_HAL_Driver/Src/stm32f1xx_hal_tim_ex.o

.debug_frame    0x0000000000000000     0x29b4
 .debug_frame   0x0000000000000000      0x140 ./Core/Src/button.o
 .debug_frame   0x0000000000000140       0x2c ./Core/Src/fsm_auto.o
 .debug_frame   0x000000000000016c       0x2c ./Core/Src/fsm_simple_button.o
 .debug_frame   0x0000000000000198       0x70 ./Core/Src/led.o
 .debug_frame   0x0000000000000208       0xd4 ./Core/Src/main.o
 .debug_frame   0x00000000000002dc      0x198 ./Core/Src/software_timer.o
 .debug_frame   0x0000000000000474       0x80 ./Core/Src/stm32f1xx_hal_msp.o
 .debug_frame   0x00000000000004f4      0x120 ./Core/Src/stm32f1xx_it.o
 .debug_frame   0x0000000000000614       0x58 ./Core/Src/system_stm32f1xx.o
 .debug_frame   0x000000000000066c       0x48 ./Core/Src/timer_task.o
 .debug_frame   0x00000000000006b4      0x334 ./Drivers/STM32F1xx_HAL_Driver/Src/stm32f1xx_hal.o
 .debug_frame   0x00000000000009e8      0x428 ./Drivers/STM32F1xx_HAL_Driver/Src/stm32f1xx_hal_cortex.o
 .debug_frame   0x0000000000000e10      0x14c ./Drivers/STM32F1xx_HAL_Driver/Src/stm32f1xx_hal_gpio.o
 .debug_frame   0x0000000000000f5c      0x21c ./Drivers/STM32F1xx_HAL_Driver/Src/stm32f1xx_hal_rcc.o
 .debug_frame   0x0000000000001178     0x11b8 ./Drivers/STM32F1xx_HAL_Driver/Src/stm32f1xx_hal_tim.o
 .debug_frame   0x0000000000002330      0x638 ./Drivers/STM32F1xx_HAL_Driver/Src/stm32f1xx_hal_tim_ex.o
 .debug_frame   0x0000000000002968       0x2c c:/st/stm32cubeide_1.7.0/stm32cubeide/plugins/com.st.stm32cube.ide.mcu.externaltools.gnu-tools-for-stm32.9-2020-q2-update.win32_2.0.0.202105311346/tools/bin/../lib/gcc/arm-none-eabi/9.3.1/../../../../arm-none-eabi/lib/thumb/v7-m/nofp\libc_nano.a(lib_a-init.o)
 .debug_frame   0x0000000000002994       0x20 c:/st/stm32cubeide_1.7.0/stm32cubeide/plugins/com.st.stm32cube.ide.mcu.externaltools.gnu-tools-for-stm32.9-2020-q2-update.win32_2.0.0.202105311346/tools/bin/../lib/gcc/arm-none-eabi/9.3.1/../../../../arm-none-eabi/lib/thumb/v7-m/nofp\libc_nano.a(lib_a-memset.o)
